WARNING: A terminally deprecated method in sun.misc.Unsafe has been called
WARNING: sun.misc.Unsafe::staticFieldBase has been called by com.google.inject.internal.aop.HiddenClassDefiner (file:/opt/homebrew/Cellar/maven/3.9.10/libexec/lib/guice-5.1.0-classes.jar)
WARNING: Please consider reporting this to the maintainers of class com.google.inject.internal.aop.HiddenClassDefiner
WARNING: sun.misc.Unsafe::staticFieldBase will be removed in a future release
[INFO] Scanning for projects...
[INFO] 
[INFO] ----------------------< ai.prophetizo:VectorWave >----------------------
[INFO] Building VectorWave 1.0-SNAPSHOT
[INFO]   from pom.xml
[INFO] --------------------------------[ jar ]---------------------------------
[INFO] 
[INFO] --- clean:3.2.0:clean (default-clean) @ VectorWave ---
[INFO] Deleting /Users/stephen/Development/Prophetizo/VectorWave/target
[INFO] 
[INFO] --- jacoco:0.8.11:prepare-agent (prepare-agent) @ VectorWave ---
[INFO] argLine set to -javaagent:/Users/stephen/.m2/repository/org/jacoco/org.jacoco.agent/0.8.11/org.jacoco.agent-0.8.11-runtime.jar=destfile=/Users/stephen/Development/Prophetizo/VectorWave/target/jacoco.exec
[INFO] 
[INFO] --- resources:3.3.1:resources (default-resources) @ VectorWave ---
[INFO] Copying 0 resource from src/main/resources to target/classes
[INFO] 
[INFO] --- compiler:3.11.0:compile (default-compile) @ VectorWave ---
[INFO] Changes detected - recompiling the module! :source
[INFO] Compiling 46 source files with javac [debug release 21] to target/classes
[WARNING] using incubating module(s): jdk.incubator.vector
[WARNING] using incubating module(s): jdk.incubator.vector
[WARNING] using incubating module(s): jdk.incubator.vector
[INFO] ------------------------------------------------------------------------
[INFO] BUILD SUCCESS
[INFO] ------------------------------------------------------------------------
[INFO] Total time:  1.323 s
[INFO] Finished at: 2025-07-23T11:20:00-04:00
[INFO] ------------------------------------------------------------------------
